Renesas Optimizing Linker (W3.03.00 )             28-Sep-2021 11:14:31

*** Options ***

-MAKEUD=DefaultBuild\RX220_OrigunalProject.lk.ud
-subcommand=DefaultBuild\RX220_OrigunalProject.clnk
-library=DefaultBuild\RX220_OrigunalProject.lib
-input=DefaultBuild\dbsct.obj
-input=DefaultBuild\intprg.obj
-input=DefaultBuild\resetprg.obj
-input=DefaultBuild\RX220_OrigunalProject.obj
-input=DefaultBuild\sbrk.obj
-input=DefaultBuild\vecttbl.obj
-input=DefaultBuild\Hardware_Setup.obj
-input=DefaultBuild\MTU_PWM.obj
-input=DefaultBuild\Timer.obj
-input=DefaultBuild\HC_SR04.obj
-input=DefaultBuild\Dispenser.obj
-input=DefaultBuild\temperture.obj
-input=DefaultBuild\ADT7410_TempSencer.obj
-input=DefaultBuild\SCI1.obj
-input=DefaultBuild\RS232C_signal.obj
-noprelink
-output=DefaultBuild\RX220_OrigunalProject.abs
-list=DefaultBuild\RX220_OrigunalProject.map
-nooptimize
-start=B_1,R_1,B_2,R_2,B,R,SU,SI/04,PResetPRG/0FFFC0000,C_1,C_2,C,C$DSEC,C$BSEC,C$INIT,C$VTBL,C$VECT,D_1,D_2,D,P,PIntPRG,W_1,W_2,W,L/0FFFC0100,FIXEDVECT/0FFFFFFD0
-rom=D=R,D_1=R_1,D_2=R_2
-nologo
-end

*** Error information ***

*** Mapping List ***

SECTION                            START      END         SIZE   ALIGN
B_1
                                  00000004  00000004         0   1
R_1
                                  00000004  00000004         0   1
B_2
                                  00000004  00000004         0   1
R_2
                                  00000004  00000004         0   1
B
                                  00000004  00000623       620   4
R
                                  00000624  00000657        34   4
SU
                                  00000658  00000757       100   4
SI
                                  00000758  00000a57       300   4
PResetPRG
                                  fffc0000  fffc0028        29   1
C_1
                                  fffc0100  fffc0100         0   1
C_2
                                  fffc0100  fffc0100         0   1
C
                                  fffc0100  fffc0133        34   4
C$DSEC
                                  fffc0134  fffc0157        24   4
C$BSEC
                                  fffc0158  fffc016f        18   4
C$INIT
                                  fffc0170  fffc0170         0   1
C$VTBL
                                  fffc0170  fffc0170         0   1
C$VECT
                                  fffc0170  fffc056f       400   4
D_1
                                  fffc0570  fffc0570         0   1
D_2
                                  fffc0570  fffc0570         0   1
D
                                  fffc0570  fffc05a3        34   4
P
                                  fffc05a4  fffc1a1b      1478   1
PIntPRG
                                  fffc1a1c  fffc1b5c       141   1
W_1
                                  fffc1b5d  fffc1b5d         0   1
W_2
                                  fffc1b5d  fffc1b5d         0   1
W
                                  fffc1b5d  fffc1b5d         0   1
L
                                  fffc1b5d  fffc1b5d         0   1
$ADDR_C_FFFFFF80
                                  ffffff80  ffffff83         4   1
$ADDR_C_FFFFFFA0
                                  ffffffa0  ffffffaf        10   1
FIXEDVECT
                                  ffffffd0  ffffffff        30   4
